
2026/09/21 23:22:57 C:/Users/18101/Desktop/第二阶段/phase-two/orm/gorm/create.go:13 Error 1054 (42S22): Unknown column 'key_words' in 'field list'
[1.775ms] [rows:0] INSERT INTO `user` (`uid`,`degree`,`key_words`,`create_time`,`update_time`,`gender`,`city`) VALUES (98836,'本科','["编程","golang"]','2026-09-21 23:22:57.973','2026-09-21 23:22:57.973','男','上海')

2026/09/21 23:29:24 C:/Users/18101/Desktop/第二阶段/phase-two/orm/gorm/create.go:13 Error 1054 (42S22): Unknown column 'create_time' in 'field list'
[0.516ms] [rows:0] INSERT INTO `user` (`uid`,`degree`,`keywords`,`create_time`,`update_time`,`gender`,`city`) VALUES (71038,'本科','["编程","golang"]','2026-09-21 23:29:24.656','2026-09-21 23:29:24.656','男','上海')

2026/09/21 23:33:01 C:/Users/18101/Desktop/第二阶段/phase-two/orm/gorm/create.go:13 Error 1054 (42S22): Unknown column 'create_time' in 'field list'
[0.515ms] [rows:0] INSERT INTO `user` (`uid`,`degree`,`keywords`,`create_time`,`update_time`,`gender`,`city`) VALUES (84151,'本科','["编程","golang"]','2026-09-21 23:33:01.054','2026-09-21 23:33:01.054','男','上海')

2026/09/21 23:34:34 C:/Users/18101/Desktop/第二阶段/phase-two/orm/gorm/create.go:13 Error 1054 (42S22): Unknown column 'create_time' in 'field list'
[0.537ms] [rows:0] INSERT INTO `user` (`uid`,`degree`,`keywords`,`create_time`,`update_time`,`gender`,`city`) VALUES (34047,'本科','["编程","golang"]','2026-09-21 23:34:34.791','2026-09-21 23:34:34.791','男','上海')

2026/09/21 23:38:32 C:/Users/18101/Desktop/第二阶段/phase-two/orm/gorm/create.go:13
[8.646ms] [rows:1] INSERT INTO `user` (`uid`,`degree`,`keywords`,`create_time`,`update_time`,`gender`,`city`) VALUES (68205,'本科','["编程","golang"]','2026-09-21 23:38:32.593','2026-09-21 23:38:32.593','男','上海')

2026/09/22 09:50:41 C:/Users/18101/Desktop/第二阶段/phase-two/orm/gorm/create.go:44 Error 1364 (HY000): Field 'keywords' doesn't have a default value
[7.405ms] [rows:0] INSERT INTO `user` (`city`,`create_time`,`degree`,`gender`,`uid`) VALUES ('上海','2026-09-22 09:50:41.762','本科','男',72802)

2026/09/22 10:26:11 C:/Users/18101/Desktop/第二阶段/phase-two/orm/gorm/create.go:44
[14.851ms] [rows:1] INSERT INTO `user` (`city`,`create_time`,`degree`,`gender`,`keywords`,`uid`) VALUES ('上海','2026-09-22 10:26:11.423','本科','男','[]',39603)

2026/09/22 10:26:11 C:/Users/18101/Desktop/第二阶段/phase-two/orm/gorm/create.go:54 Error 1364 (HY000): Field 'keywords' doesn't have a default value
[0.000ms] [rows:0] INSERT INTO `user` (`city`,`create_time`,`degree`,`gender`,`uid`) VALUES ('北京','2026-09-22 10:26:11.438','本科','男',46271),('深圳','2026-09-22 10:26:11.438','本科','男',28726)

2026/09/22 10:27:03 C:/Users/18101/Desktop/第二阶段/phase-two/orm/gorm/create.go:44
[7.726ms] [rows:1] INSERT INTO `user` (`city`,`create_time`,`degree`,`gender`,`keywords`,`uid`) VALUES ('上海','2026-09-22 10:27:03.344','本科','男','[]',41731)

2026/09/22 10:27:03 C:/Users/18101/Desktop/第二阶段/phase-two/orm/gorm/create.go:54
[3.980ms] [rows:2] INSERT INTO `user` (`city`,`create_time`,`degree`,`gender`,`keywords`,`uid`) VALUES ('北京','2026-09-22 10:27:03.352','本科','男','[]',60389),('深圳','2026-09-22 10:27:03.352','本科','男','[]',42190)

2026/09/22 11:04:37 C:/Users/18101/Desktop/第二阶段/phase-two/orm/gorm/delete.go:10
[4.327ms] [rows:5] DELETE FROM `user` WHERE degree='本科'

2026/09/22 11:04:37 C:/Users/18101/Desktop/第二阶段/phase-two/orm/gorm/delete.go:13
[0.000ms] [rows:0] DELETE FROM `user` WHERE `user`.`id` = 10

2026/09/22 11:04:37 C:/Users/18101/Desktop/第二阶段/phase-two/orm/gorm/delete.go:15
[0.513ms] [rows:0] DELETE FROM `user` WHERE `user`.`id` = 1

2026/09/22 11:04:37 C:/Users/18101/Desktop/第二阶段/phase-two/orm/gorm/delete.go:16
[0.000ms] [rows:0] DELETE FROM `user` WHERE `user`.`id` IN (1,2,3)

2026/09/22 11:15:51 C:/Users/18101/Desktop/第二阶段/phase-two/orm/gorm/create.go:65
[info] exec hook BeforeSave

2026/09/22 11:15:51 C:/Users/18101/Desktop/第二阶段/phase-two/orm/gorm/create.go:80
[info] exec hook AfterSave

2026/09/22 11:15:51 C:/Users/18101/Desktop/第二阶段/phase-two/orm/gorm/update.go:22
[4.705ms] [rows:0] UPDATE `user` SET `degree`='硕士',`gender`='男',`update_time`='2026-09-22 11:15:51.645' WHERE city='北京'

2026/09/22 11:15:51 C:/Users/18101/Desktop/第二阶段/phase-two/orm/gorm/create.go:65
[info] exec hook BeforeSave

2026/09/22 11:15:51 C:/Users/18101/Desktop/第二阶段/phase-two/orm/gorm/create.go:80
[info] exec hook AfterSave

2026/09/22 11:15:51 C:/Users/18101/Desktop/第二阶段/phase-two/orm/gorm/update.go:26
[0.000ms] [rows:0] UPDATE `user` SET `id`=1,`degree`='本科',`update_time`='2026-09-22 11:15:51.646',`gender`='男' WHERE city='北京'

2026/09/22 11:16:33 C:/Users/18101/Desktop/第二阶段/phase-two/orm/gorm/create.go:65
[info] exec hook BeforeSave

2026/09/22 11:16:33 C:/Users/18101/Desktop/第二阶段/phase-two/orm/gorm/create.go:70
[info] exec hook BeforeCreate

2026/09/22 11:16:33 C:/Users/18101/Desktop/第二阶段/phase-two/orm/gorm/update.go:12 Error 1048 (23000): Column 'keywords' cannot be null
[3.725ms] [rows:0] INSERT INTO `user` (`uid`,`degree`,`keywords`,`create_time`,`update_time`,`gender`,`city`) VALUES (87589,'本科',NULL,'2026-09-22 11:16:33.038','2026-09-22 11:16:33.038','男','上海')

2026/09/22 11:16:33 C:/Users/18101/Desktop/第二阶段/phase-two/orm/gorm/update.go:15
[0.511ms] [rows:0] SELECT * FROM `user` ORDER BY `user`.`id` DESC LIMIT 1

2026/09/22 11:16:33 C:/Users/18101/Desktop/第二阶段/phase-two/orm/gorm/create.go:65
[info] exec hook BeforeSave

2026/09/22 11:16:33 C:/Users/18101/Desktop/第二阶段/phase-two/orm/gorm/create.go:70
[info] exec hook BeforeCreate

2026/09/22 11:16:33 C:/Users/18101/Desktop/第二阶段/phase-two/orm/gorm/update.go:17 Error 1048 (23000): Column 'keywords' cannot be null
[0.000ms] [rows:0] INSERT INTO `user` (`uid`,`degree`,`keywords`,`create_time`,`update_time`,`gender`,`city`) VALUES (0,'硕士',NULL,'2026-09-22 11:16:33.038','2026-09-22 11:16:33.038','','')

2026/09/22 11:16:37 C:/Users/18101/Desktop/第二阶段/phase-two/orm/gorm/create.go:65
[info] exec hook BeforeSave

2026/09/22 11:16:37 C:/Users/18101/Desktop/第二阶段/phase-two/orm/gorm/create.go:80
[info] exec hook AfterSave

2026/09/22 11:16:37 C:/Users/18101/Desktop/第二阶段/phase-two/orm/gorm/update.go:22
[4.353ms] [rows:0] UPDATE `user` SET `degree`='硕士',`gender`='男',`update_time`='2026-09-22 11:16:37.206' WHERE city='北京'

2026/09/22 11:16:37 C:/Users/18101/Desktop/第二阶段/phase-two/orm/gorm/create.go:65
[info] exec hook BeforeSave

2026/09/22 11:16:37 C:/Users/18101/Desktop/第二阶段/phase-two/orm/gorm/create.go:80
[info] exec hook AfterSave

2026/09/22 11:16:37 C:/Users/18101/Desktop/第二阶段/phase-two/orm/gorm/update.go:26
[0.569ms] [rows:0] UPDATE `user` SET `id`=1,`degree`='本科',`update_time`='2026-09-22 11:16:37.207',`gender`='男' WHERE city='北京'

2026/09/22 11:16:50 C:/Users/18101/Desktop/第二阶段/phase-two/orm/gorm/create.go:65
[info] exec hook BeforeSave

2026/09/22 11:16:50 C:/Users/18101/Desktop/第二阶段/phase-two/orm/gorm/create.go:70
[info] exec hook BeforeCreate

2026/09/22 11:16:50 C:/Users/18101/Desktop/第二阶段/phase-two/orm/gorm/update.go:12 Error 1048 (23000): Column 'keywords' cannot be null
[4.710ms] [rows:0] INSERT INTO `user` (`uid`,`degree`,`keywords`,`create_time`,`update_time`,`gender`,`city`) VALUES (32948,'本科',NULL,'2026-09-22 11:16:50.17','2026-09-22 11:16:50.17','男','上海')

2026/09/22 11:16:50 C:/Users/18101/Desktop/第二阶段/phase-two/orm/gorm/update.go:15
[0.000ms] [rows:0] SELECT * FROM `user` ORDER BY `user`.`id` DESC LIMIT 1

2026/09/22 11:16:50 C:/Users/18101/Desktop/第二阶段/phase-two/orm/gorm/create.go:65
[info] exec hook BeforeSave

2026/09/22 11:16:50 C:/Users/18101/Desktop/第二阶段/phase-two/orm/gorm/create.go:70
[info] exec hook BeforeCreate

2026/09/22 11:16:50 C:/Users/18101/Desktop/第二阶段/phase-two/orm/gorm/update.go:17 Error 1048 (23000): Column 'keywords' cannot be null
[0.512ms] [rows:0] INSERT INTO `user` (`uid`,`degree`,`keywords`,`create_time`,`update_time`,`gender`,`city`) VALUES (0,'硕士',NULL,'2026-09-22 11:16:50.171','2026-09-22 11:16:50.171','','')

2026/09/22 11:19:50 C:/Users/18101/Desktop/第二阶段/phase-two/orm/gorm/create.go:65
[info] exec hook BeforeSave

2026/09/22 11:19:50 C:/Users/18101/Desktop/第二阶段/phase-two/orm/gorm/create.go:70
[info] exec hook BeforeCreate

2026/09/22 11:19:50 C:/Users/18101/Desktop/第二阶段/phase-two/orm/gorm/update.go:12 Error 1048 (23000): Column 'keywords' cannot be null
[3.634ms] [rows:0] INSERT INTO `user` (`uid`,`degree`,`keywords`,`create_time`,`update_time`,`gender`,`city`) VALUES (71040,'本科',NULL,'2026-09-22 11:19:50.071','2026-09-22 11:19:50.071','男','上海')

2026/09/22 11:19:50 C:/Users/18101/Desktop/第二阶段/phase-two/orm/gorm/update.go:15
[0.505ms] [rows:0] SELECT * FROM `user` ORDER BY `user`.`id` DESC LIMIT 1

2026/09/22 11:19:50 C:/Users/18101/Desktop/第二阶段/phase-two/orm/gorm/create.go:65
[info] exec hook BeforeSave

2026/09/22 11:19:50 C:/Users/18101/Desktop/第二阶段/phase-two/orm/gorm/create.go:70
[info] exec hook BeforeCreate

2026/09/22 11:19:50 C:/Users/18101/Desktop/第二阶段/phase-two/orm/gorm/update.go:17 Error 1048 (23000): Column 'keywords' cannot be null
[0.117ms] [rows:0] INSERT INTO `user` (`uid`,`degree`,`keywords`,`create_time`,`update_time`,`gender`,`city`) VALUES (0,'硕士',NULL,'2026-09-22 11:19:50.071','2026-09-22 11:19:50.071','','')

2026/09/22 11:22:56 C:/Users/18101/Desktop/第二阶段/phase-two/orm/gorm/create.go:65
[info] exec hook BeforeSave

2026/09/22 11:22:56 C:/Users/18101/Desktop/第二阶段/phase-two/orm/gorm/create.go:70
[info] exec hook BeforeCreate

2026/09/22 11:22:56 C:/Users/18101/Desktop/第二阶段/phase-two/orm/gorm/update.go:12 Error 1048 (23000): Column 'keywords' cannot be null
[4.291ms] [rows:0] INSERT INTO `user` (`uid`,`degree`,`keywords`,`create_time`,`update_time`,`gender`,`city`) VALUES (46904,'本科',NULL,'2026-09-22 11:22:56.674','2026-09-22 11:22:56.674','男','上海')

2026/09/22 11:22:56 C:/Users/18101/Desktop/第二阶段/phase-two/orm/gorm/update.go:15
[0.000ms] [rows:0] SELECT * FROM `user` ORDER BY `user`.`id` DESC LIMIT 1

2026/09/22 11:22:56 C:/Users/18101/Desktop/第二阶段/phase-two/orm/gorm/create.go:65
[info] exec hook BeforeSave

2026/09/22 11:22:56 C:/Users/18101/Desktop/第二阶段/phase-two/orm/gorm/create.go:70
[info] exec hook BeforeCreate

2026/09/22 11:22:56 C:/Users/18101/Desktop/第二阶段/phase-two/orm/gorm/update.go:17 Error 1048 (23000): Column 'keywords' cannot be null
[0.000ms] [rows:0] INSERT INTO `user` (`uid`,`degree`,`keywords`,`create_time`,`update_time`,`gender`,`city`) VALUES (0,'硕士',NULL,'2026-09-22 11:22:56.675','2026-09-22 11:22:56.675','','')

2026/09/22 11:23:39 C:/Users/18101/Desktop/第二阶段/phase-two/orm/gorm/create.go:65
[info] exec hook BeforeSave

2026/09/22 11:23:39 C:/Users/18101/Desktop/第二阶段/phase-two/orm/gorm/create.go:70
[info] exec hook BeforeCreate

2026/09/22 11:23:39 C:/Users/18101/Desktop/第二阶段/phase-two/orm/gorm/update.go:13 Error 1048 (23000): Column 'keywords' cannot be null
[4.326ms] [rows:0] INSERT INTO `user` (`uid`,`degree`,`keywords`,`create_time`,`update_time`,`gender`,`city`) VALUES (7393,'本科',NULL,'2026-09-22 11:23:39.643','2026-09-22 11:23:39.643','男','上海')

2026/09/22 11:23:39 C:/Users/18101/Desktop/第二阶段/phase-two/orm/gorm/update.go:16
[0.000ms] [rows:0] SELECT * FROM `user` ORDER BY `user`.`id` DESC LIMIT 1

2026/09/22 11:23:39 C:/Users/18101/Desktop/第二阶段/phase-two/orm/gorm/create.go:65
[info] exec hook BeforeSave

2026/09/22 11:23:39 C:/Users/18101/Desktop/第二阶段/phase-two/orm/gorm/create.go:70
[info] exec hook BeforeCreate

2026/09/22 11:23:39 C:/Users/18101/Desktop/第二阶段/phase-two/orm/gorm/update.go:18 Error 1048 (23000): Column 'keywords' cannot be null
[0.000ms] [rows:0] INSERT INTO `user` (`uid`,`degree`,`keywords`,`create_time`,`update_time`,`gender`,`city`) VALUES (0,'硕士',NULL,'2026-09-22 11:23:39.644','2026-09-22 11:23:39.644','','')

2026/09/22 11:25:22 C:/Users/18101/Desktop/第二阶段/phase-two/orm/gorm/create.go:65
[info] exec hook BeforeSave

2026/09/22 11:25:22 C:/Users/18101/Desktop/第二阶段/phase-two/orm/gorm/create.go:70
[info] exec hook BeforeCreate

2026/09/22 11:25:22 C:/Users/18101/Desktop/第二阶段/phase-two/orm/gorm/update.go:32 Error 1048 (23000): Column 'keywords' cannot be null
[4.237ms] [rows:0] INSERT INTO `user` (`uid`,`degree`,`keywords`,`create_time`,`update_time`,`gender`,`city`) VALUES (41233,'本科',NULL,'2026-09-22 11:25:22.621','2026-09-22 11:25:22.621','男','上海')

2026/09/22 11:27:10 C:/Users/18101/Desktop/第二阶段/phase-two/orm/gorm/create.go:65
[info] exec hook BeforeSave

2026/09/22 11:27:10 C:/Users/18101/Desktop/第二阶段/phase-two/orm/gorm/create.go:70
[info] exec hook BeforeCreate

2026/09/22 11:27:10 C:/Users/18101/Desktop/第二阶段/phase-two/orm/gorm/create.go:75
[info] exec hook AfterCreate

2026/09/22 11:27:10 C:/Users/18101/Desktop/第二阶段/phase-two/orm/gorm/create.go:80
[info] exec hook AfterSave

2026/09/22 11:27:10 C:/Users/18101/Desktop/第二阶段/phase-two/orm/gorm/update.go:32
[6.661ms] [rows:1] INSERT INTO `user` (`uid`,`degree`,`keywords`,`create_time`,`update_time`,`gender`,`city`) VALUES (17659,'本科','[]','2026-09-22 11:27:10.258','2026-09-22 11:27:10.258','男','上海')

2026/09/22 11:27:10 C:/Users/18101/Desktop/第二阶段/phase-two/orm/gorm/update.go:41
[0.000ms] [rows:1] SELECT * FROM `user` ORDER BY `user`.`id` DESC LIMIT 1

2026/09/22 11:27:10 C:/Users/18101/Desktop/第二阶段/phase-two/orm/gorm/create.go:65
[info] exec hook BeforeSave

2026/09/22 11:27:10 C:/Users/18101/Desktop/第二阶段/phase-two/orm/gorm/create.go:80
[info] exec hook AfterSave

2026/09/22 11:27:10 C:/Users/18101/Desktop/第二阶段/phase-two/orm/gorm/update.go:50
[4.540ms] [rows:1] UPDATE `user` SET `uid`=17659,`degree`='硕士',`keywords`='[]',`create_time`='2026-09-22 11:27:10',`update_time`='2026-09-22 11:27:10.262',`gender`='男',`city`='上海' WHERE `id` = 6

2026/09/22 22:26:55 C:/Users/18101/Desktop/第二阶段/phase-two/orm/gorm/read.go:14
[8.404ms] [rows:0] SELECT uid,city,gender,keywords FROM `user` WHERE (uid>100 and degree='大专') AND city in ('北京','上海') AND degree like '%科' OR gender='女' AND `user`.`id` = 3 ORDER BY id desc, uid,city,`user`.`id` LIMIT 1 OFFSET 3

2026/09/22 22:26:55 C:/Users/18101/Desktop/第二阶段/phase-two/orm/gorm/read.go:42
[0.511ms] [rows:1] SELECT * FROM `user`

2026/09/22 22:26:55 C:/Users/18101/Desktop/第二阶段/phase-two/orm/gorm/read.go:58
[0.000ms] [rows:1] SELECT * FROM `user` LIMIT 3

2026/09/22 22:26:55 C:/Users/18101/Desktop/第二阶段/phase-two/orm/gorm/read.go:77
[0.068ms] [rows:0] SELECT * FROM `user` WHERE `user`.`id` = 23212

2026/09/22 22:26:55 C:/Users/18101/Desktop/第二阶段/phase-two/orm/gorm/read.go:92
[0.606ms] [rows:1] SELECT * FROM `user` USE INDEX (`id`,`idx_uid`) WHERE uid>0

2026/09/22 22:26:55 C:/Users/18101/Desktop/第二阶段/phase-two/orm/gorm/read.go:93
[0.000ms] [rows:1] SELECT * FROM `user` FORCE INDEX (`idx_uid`) WHERE uid>0

2026/09/22 22:27:10 C:/Users/18101/Desktop/第二阶段/phase-two/orm/gorm/read.go:103
[1.071ms] [rows:1] SELECT city,avg(id) as mid FROM `user` GROUP BY `city` HAVING mid>0

2026/09/22 22:27:10 C:/Users/18101/Desktop/第二阶段/phase-two/orm/gorm/read.go:109
[0.000ms] [rows:1] SELECT DISTINCT `city` FROM `user`

2026/09/22 22:27:10 C:/Users/18101/Desktop/第二阶段/phase-two/orm/gorm/read.go:116
[0.518ms] [rows:1] SELECT count(*) FROM `user` WHERE city='北京'

2026/09/22 22:27:19 C:/Users/18101/Desktop/第二阶段/phase-two/orm/gorm/raw_sql.go:11 Error 1064 (42000): You have an error in your SQL syntax; check the manual that corresponds to your MySQL server version for the right syntax to use near 'from user where id>? and uid>? limit 3' at line 1
[0.000ms] [rows:-] select id,uid,city, from user where id>2 and uid>4 limit 3

2026/09/22 22:27:19 C:/Users/18101/Desktop/第二阶段/phase-two/orm/gorm/raw_sql.go:17
[0.540ms] [rows:-] select id,uid,city from user where id>2 and uid>4 limit 3

2026/09/22 22:27:27 C:/Users/18101/Desktop/第二阶段/phase-two/orm/gorm/raw_sql.go:30
[0.510ms] [rows:0] update user set degree='专科' where id=30

2026/09/22 22:27:36 C:/Users/18101/Desktop/第二阶段/phase-two/orm/gorm/error.go:13
[4.400ms] [rows:1] SELECT * FROM `user` ORDER BY `user`.`id` LIMIT 1

2026/09/22 22:27:36 C:/Users/18101/Desktop/第二阶段/phase-two/orm/gorm/create.go:65
[info] exec hook BeforeSave

2026/09/22 22:27:36 C:/Users/18101/Desktop/第二阶段/phase-two/orm/gorm/create.go:70
[info] exec hook BeforeCreate

2026/09/22 22:27:36 C:/Users/18101/Desktop/第二阶段/phase-two/orm/gorm/error.go:15 Error 1062 (23000): Duplicate entry '6' for key 'user.PRIMARY'
[0.517ms] [rows:0] INSERT INTO `user` (`uid`,`degree`,`keywords`,`create_time`,`update_time`,`gender`,`city`,`id`) VALUES (17659,'硕士','[]','2026-09-22 11:27:10','2026-09-22 11:27:10','男','上海',6)

2026/09/22 22:27:43 C:/Users/18101/Desktop/第二阶段/phase-two/orm/gorm/create.go:65
[info] exec hook BeforeSave

2026/09/22 22:27:43 C:/Users/18101/Desktop/第二阶段/phase-two/orm/gorm/create.go:70
[info] exec hook BeforeCreate

2026/09/22 22:27:43 C:/Users/18101/Desktop/第二阶段/phase-two/orm/gorm/transaction.go:27 Error 1048 (23000): Column 'keywords' cannot be null
[4.236ms] [rows:0] INSERT INTO `user` (`uid`,`degree`,`keywords`,`create_time`,`update_time`,`gender`,`city`) VALUES (82543,'本科',NULL,'2026-09-22 22:27:43.497','2026-09-22 22:27:43.497','男','上海')
