
2026/09/27 18:26:16 C:/Users/18101/Desktop/第二阶段/phase-two/post/database/gorm/user.go:17
[6.969ms] [rows:1] INSERT INTO `user` (`name`,`password`) VALUES ('libai','e10adc3949ba59abbe56e057f20f883e')

2026/09/27 18:26:16 C:/Users/18101/Desktop/第二阶段/phase-two/post/database/gorm/user.go:17 Error 1062 (23000): Duplicate entry 'libai' for key 'user.idx_name'
[1.157ms] [rows:0] INSERT INTO `user` (`name`,`password`) VALUES ('libai','e10adc3949ba59abbe56e057f20f883e')

2026/09/27 23:17:18 C:/Users/18101/Desktop/第二阶段/phase-two/post/database/gorm/user.go:47
[0.526ms] [rows:0] SELECT * FROM `user` WHERE `user`.`id` = 5 ORDER BY `user`.`id` LIMIT 1

2026/09/27 23:19:00 C:/Users/18101/Desktop/第二阶段/phase-two/post/database/gorm/user.go:47
[0.508ms] [rows:0] SELECT * FROM `user` WHERE `user`.`id` = 5 ORDER BY `user`.`id` LIMIT 1

2026/09/27 23:21:51 C:/Users/18101/Desktop/第二阶段/phase-two/post/database/gorm/user.go:47
[4.240ms] [rows:1] SELECT * FROM `user` WHERE `user`.`id` = 1 ORDER BY `user`.`id` LIMIT 1

2026/09/27 23:21:51 C:/Users/18101/Desktop/第二阶段/phase-two/post/database/gorm/user.go:47
[0.000ms] [rows:0] SELECT * FROM `user` WHERE `user`.`id` = -1 ORDER BY `user`.`id` LIMIT 1

2026/09/27 23:21:59 C:/Users/18101/Desktop/第二阶段/phase-two/post/database/gorm/user.go:59
[0.533ms] [rows:0] SELECT * FROM `user` WHERE name='李白' ORDER BY `user`.`id` LIMIT 1

2026/09/27 23:21:59 C:/Users/18101/Desktop/第二阶段/phase-two/post/database/gorm/user.go:59
[0.000ms] [rows:0] SELECT * FROM `user` WHERE name='ok' ORDER BY `user`.`id` LIMIT 1

2026/09/27 23:22:12 C:/Users/18101/Desktop/第二阶段/phase-two/post/database/gorm/user.go:59
[4.737ms] [rows:1] SELECT * FROM `user` WHERE name='libai' ORDER BY `user`.`id` LIMIT 1

2026/09/27 23:22:12 C:/Users/18101/Desktop/第二阶段/phase-two/post/database/gorm/user.go:59
[0.000ms] [rows:0] SELECT * FROM `user` WHERE name='ok' ORDER BY `user`.`id` LIMIT 1

2026/09/27 23:22:38 C:/Users/18101/Desktop/第二阶段/phase-two/post/database/gorm/user.go:70
[4.660ms] [rows:1] UPDATE `user` SET `name`='李白' WHERE id=1

2026/09/27 23:22:38 C:/Users/18101/Desktop/第二阶段/phase-two/post/database/gorm/user.go:47
[0.000ms] [rows:1] SELECT * FROM `user` WHERE `user`.`id` = 1 ORDER BY `user`.`id` LIMIT 1

2026/09/27 23:23:13 C:/Users/18101/Desktop/第二阶段/phase-two/post/database/gorm/user.go:84
[4.239ms] [rows:1] UPDATE `user` SET `password`='7ac66c0f148de9519b8bd264312c4d64' WHERE id=1 and password='e10adc3949ba59abbe56e057f20f883e'

2026/09/27 23:23:13 C:/Users/18101/Desktop/第二阶段/phase-two/post/database/gorm/user.go:47
[0.000ms] [rows:1] SELECT * FROM `user` WHERE `user`.`id` = 1 ORDER BY `user`.`id` LIMIT 1

2026/09/27 23:23:13 C:/Users/18101/Desktop/第二阶段/phase-two/post/database/gorm/user.go:84
[0.508ms] [rows:0] UPDATE `user` SET `password`='7ac66c0f148de9519b8bd264312c4d64' WHERE id=1 and password='e10adc3949ba59abbe56e057f20f883e'

2026/09/27 23:23:32 C:/Users/18101/Desktop/第二阶段/phase-two/post/database/gorm/user.go:34
[3.418ms] [rows:1] DELETE FROM `user` WHERE `user`.`id` = 1

2026/09/27 23:23:32 C:/Users/18101/Desktop/第二阶段/phase-two/post/database/gorm/user.go:47
[0.000ms] [rows:0] SELECT * FROM `user` WHERE `user`.`id` = 1 ORDER BY `user`.`id` LIMIT 1

2026/09/27 23:23:32 C:/Users/18101/Desktop/第二阶段/phase-two/post/database/gorm/user.go:34
[0.000ms] [rows:0] DELETE FROM `user` WHERE `user`.`id` = 1

2026/09/29 12:15:08 C:/Users/18101/Desktop/第二阶段/phase-two/post/database/gorm/user.go:59
[22.636ms] [rows:0] SELECT * FROM `user` WHERE name='libai' ORDER BY `user`.`id` LIMIT 1

2026/09/29 12:20:59 C:/Users/18101/Desktop/第二阶段/phase-two/post/database/gorm/user.go:59
[0.672ms] [rows:1] SELECT * FROM `user` WHERE name='libai' ORDER BY `user`.`id` LIMIT 1

2026/10/01 16:55:37 C:/Users/18101/Desktop/第二阶段/phase-two/post/database/gorm/news.go:22
[15.801ms] [rows:1] INSERT INTO `news` (`user_id`,`title`,`article`,`create_time`,`delete_time`) VALUES (7,'行路难','行路难，行路难，多歧路，今安在？','2026-10-01 16:55:37.15',NULL)

2026/10/01 19:49:35 C:/Users/18101/Desktop/第二阶段/phase-two/post/database/gorm/user.go:18
[19.468ms] [rows:1] INSERT INTO `user` (`name`,`password`) VALUES ('libai','e10adc3949ba59abbe56e057f20f883e')

2026/10/01 19:49:41 C:/Users/18101/Desktop/第二阶段/phase-two/post/database/gorm/user.go:59
[2.037ms] [rows:1] SELECT * FROM `user` WHERE name='libai' ORDER BY `user`.`id` LIMIT 1
